
Discarded input sections

 .text          0x00000000        0x0 Startup.o
 .data          0x00000000        0x0 Startup.o
 .bss           0x00000000        0x0 Startup.o
 .text          0x00000000        0x0 swi_handler.o
 .data          0x00000000        0x0 swi_handler.o
 .bss           0x00000000        0x0 swi_handler.o
 .text          0x00000000        0x0 main.o
 .data          0x00000000        0x0 main.o
 .bss           0x00000000        0x0 main.o
 .text          0x00000000        0x0 timer.o
 .data          0x00000000        0x0 timer.o
 .bss           0x00000000        0x0 timer.o
 .text.enable_timer
                0x00000000        0x0 timer.o
 .text.disable_timer
                0x00000000        0x0 timer.o
 .text.reset_timer
                0x00000000        0x0 timer.o

Memory Configuration

Name             Origin             Length             Attributes
ROM              0x00000000         0x0007f000         xr
RAM              0x40000000         0x00007fe0         rw
*default*        0x00000000         0xffffffff

Linker script and memory map

LOAD Startup.o
LOAD swi_handler.o
LOAD main.o
LOAD timer.o
LOAD /usr/lib/gcc/arm-elf/4.2.0/../../../../arm-elf/lib/thumb/interwork/libc.a
LOAD /usr/lib/gcc/arm-elf/4.2.0/../../../../arm-elf/lib/thumb/interwork/libm.a
LOAD /usr/lib/gcc/arm-elf/4.2.0/../../../../arm-elf/lib/thumb/interwork/libc.a
LOAD /usr/lib/gcc/arm-elf/4.2.0/thumb/interwork/libgcc.a
START GROUP
LOAD /usr/lib/gcc/arm-elf/4.2.0/thumb/interwork/libgcc.a
LOAD /usr/lib/gcc/arm-elf/4.2.0/../../../../arm-elf/lib/thumb/interwork/libg.a
LOAD /usr/lib/gcc/arm-elf/4.2.0/../../../../arm-elf/lib/thumb/interwork/libc.a
END GROUP

.text           0x00000000      0x770
 *(.vectorg)
 *(.RESET)
 .RESET         0x00000000      0x164 Startup.o
 *(.SWI_HANDLER)
 .SWI_HANDLER   0x00000164       0x74 swi_handler.o
                0x00000164                SoftwareInterrupt
                0x000001d0                IntDisable
                0x000001c8                IntEnable
                0x000001d8                . = ALIGN (0x4)
 *(.init)
 *(.text .text.*)
 .text.delay    0x000001d8       0x44 main.o
                0x000001d8                delay
 .text.key_routine
                0x0000021c      0x230 main.o
                0x0000021c                key_routine
 .text.send_serial_data
                0x0000044c       0x30 main.o
                0x0000044c                send_serial_data
 .text.main     0x0000047c       0x84 main.o
                0x0000047c                main
 .text.install_irq
                0x00000500       0xac timer.o
                0x00000500                install_irq
 .text.Timer0Handler
                0x000005ac       0x30 timer.o
                0x000005ac                Timer0Handler
 .text.init_timer
                0x000005dc       0x58 timer.o
                0x000005dc                init_timer
 .text.TargetResetInit
                0x00000634      0x13c timer.o
                0x00000634                TargetResetInit
 *(.gnu.linkonce.t.*)
 *(.glue_7)
 .glue_7        0x00000770        0x0 Startup.o
 .glue_7        0x00000770        0x0 swi_handler.o
 .glue_7        0x00000770        0x0 main.o
 .glue_7        0x00000770        0x0 timer.o
 *(.glue_7t)
 .glue_7t       0x00000770        0x0 Startup.o
 .glue_7t       0x00000770        0x0 swi_handler.o
 .glue_7t       0x00000770        0x0 main.o
 .glue_7t       0x00000770        0x0 timer.o
 *(.gcc_except_table)
 *(.rodata)
 *(.rodata*)
 *(.gnu.linkonce.r.*)
                0x00000770                . = ALIGN (0x4)
                0x00000770                . = ALIGN (0x4)

.ctors          0x00000770        0x0
                0x00000770                PROVIDE (__ctors_start__, .)
 *(SORT(.ctors.*))
 *(.ctors)
                0x00000770                . = ALIGN (0x4)
                0x00000770                PROVIDE (__ctors_end__, .)
                0x00000770                . = ALIGN (0x4)

.dtors          0x00000770        0x0
                0x00000770                PROVIDE (__dtors_start__, .)
 *(SORT(.dtors.*))
 *(.dtors)
                0x00000770                . = ALIGN (0x4)
                0x00000770                PROVIDE (__dtors_end__, .)
                0x00000770                . = ALIGN (0x4)
                0x00000770                . = ALIGN (0x4)
                0x00000770                _etext = .
                0x00000770                PROVIDE (etext, .)

.data           0x40000000        0x0 load address 0x00000770
                0x40000000                _data = .
 *(.vectmapped)
                0x40000000                . = ALIGN (0x4)
 *(.fastrun)
                0x40000000                . = ALIGN (0x4)
                0x40000000                . = ALIGN (0x4)
 *(.data)
 *(.data.*)
 *(.gnu.linkonce.d*)
                0x40000000                . = ALIGN (0x4)
                0x40000000                . = ALIGN (0x4)
                0x40000000                _edata = .
                0x40000000                PROVIDE (edata, .)

.bss            0x40000000        0x4
                0x40000000                __bss_start = .
                0x40000000                __bss_start__ = .
 *(.bss)
 *(.bss.*)
 .bss.timer_counter
                0x40000000        0x4 timer.o
                0x40000000                timer_counter
 *(.gnu.linkonce.b*)
 *(COMMON)
                0x40000004                . = ALIGN (0x4)
                0x40000004                . = ALIGN (0x4)
                0x40000004                __bss_end__ = .
                0x40000004                PROVIDE (__bss_end, .)

.stack          0x40000100      0x400
 *(.stack)
 *(.STACK)
 .STACK         0x40000100      0x400 Startup.o
                0x40000500                PROVIDE (_stack, .)
                0x40000500                . = ALIGN (0x4)
                0x40000500                _end = .
                0x40000500                PROVIDE (end, .)

.heap           0x40000500        0x0
 *(.HEAP)
 .HEAP          0x40000500        0x0 Startup.o
                0x40000500                . = ALIGN (0x4)

.stab
 *(.stab)

.stabstr
 *(.stabstr)

.stab.excl
 *(.stab.excl)

.stab.exclstr
 *(.stab.exclstr)

.stab.index
 *(.stab.index)

.stab.indexstr
 *(.stab.indexstr)

.comment        0x00000000       0x86
 *(.comment)
 .comment       0x00000000       0x43 main.o
 .comment       0x00000043       0x43 timer.o

.debug
 *(.debug)

.line
 *(.line)

.debug_srcinfo
 *(.debug_srcinfo)

.debug_sfnames
 *(.debug_sfnames)

.debug_aranges  0x00000000       0xd8
 *(.debug_aranges)
 .debug_aranges
                0x00000000       0x20 Startup.o
 .debug_aranges
                0x00000020       0x20 swi_handler.o
 .debug_aranges
                0x00000040       0x40 main.o
 .debug_aranges
                0x00000080       0x58 timer.o

.debug_pubnames
                0x00000000       0xe6
 *(.debug_pubnames)
 .debug_pubnames
                0x00000000       0x4a main.o
 .debug_pubnames
                0x0000004a       0x9c timer.o

.debug_info     0x00000000      0x49e
 *(.debug_info .gnu.linkonce.wi.*)
 .debug_info    0x00000000       0x5d Startup.o
 .debug_info    0x0000005d       0x61 swi_handler.o
 .debug_info    0x000000be      0x174 main.o
 .debug_info    0x00000232      0x26c timer.o

.debug_abbrev   0x00000000      0x151
 *(.debug_abbrev)
 .debug_abbrev  0x00000000       0x14 Startup.o
 .debug_abbrev  0x00000014       0x14 swi_handler.o
 .debug_abbrev  0x00000028       0x72 main.o
 .debug_abbrev  0x0000009a       0xb7 timer.o

.debug_line     0x00000000      0x27c
 *(.debug_line)
 .debug_line    0x00000000       0x8a Startup.o
 .debug_line    0x0000008a       0x5b swi_handler.o
 .debug_line    0x000000e5       0xbe main.o
 .debug_line    0x000001a3       0xd9 timer.o

.debug_frame    0x00000000      0x178
 *(.debug_frame)
 .debug_frame   0x00000000       0x90 main.o
 .debug_frame   0x00000090       0xe8 timer.o

.debug_str      0x00000000        0xa
 *(.debug_str)
 .debug_str     0x00000000        0xa timer.o

.debug_loc      0x00000000      0x243
 *(.debug_loc)
 .debug_loc     0x00000000       0xdc main.o
 .debug_loc     0x000000dc      0x167 timer.o

.debug_macinfo
 *(.debug_macinfo)

.debug_weaknames
 *(.debug_weaknames)

.debug_funcnames
 *(.debug_funcnames)

.debug_typenames
 *(.debug_typenames)

.debug_varnames
 *(.debug_varnames)
OUTPUT(main.elf elf32-littlearm)

Cross Reference Table

Symbol                                            File
IntDisable                                        swi_handler.o
IntEnable                                         swi_handler.o
Reset_handler                                     Startup.o
SoftwareInterrupt                                 swi_handler.o
                                                  Startup.o
TargetResetInit                                   timer.o
                                                  Startup.o
Timer0Handler                                     timer.o
__bss_end__                                       Startup.o
__bss_start__                                     Startup.o
_data                                             Startup.o
_edata                                            Startup.o
_etext                                            Startup.o
delay                                             main.o
disable_timer                                     timer.o
enable_timer                                      timer.o
init_timer                                        timer.o
                                                  main.o
install_irq                                       timer.o
key_routine                                       main.o
main                                              main.o
                                                  Startup.o
reset_timer                                       timer.o
send_serial_data                                  main.o
timer_counter                                     timer.o
